* using log directory '/Users/lisabald/poEvaluationMetrics/poEvaluationMetrics.Rcheck'
* using R version 4.5.2 (2025-10-31)
* using platform: aarch64-apple-darwin20
* R was compiled by
    Apple clang version 16.0.0 (clang-1600.0.26.6)
    GNU Fortran (GCC) 14.2.0
* running under: macOS Sequoia 15.7.3
* using session charset: ASCII
* using options '--no-manual --as-cran'
* checking for file 'poEvaluationMetrics/DESCRIPTION' ... OK
* this is package 'poEvaluationMetrics' version '0.0.0.9000'
* package encoding: UTF-8
* checking CRAN incoming feasibility ... WARNING
Maintainer: 'Lisa Bald <bald@staff.uni-marburg.de>'

New submission

Version contains large components (0.0.0.9000)

Strong dependencies not in mainstream repositories:
  prg, mecofun

Found the following (possibly) invalid URLs:
  URL: https://envima.github.io/poEvaluationMetrics/
    From: DESCRIPTION
    Status: 404
    Message: Not Found

The Title field should be in title case. Current version is:
  'Calculating Evaluation Metrics For Species Distribution Models'
In title case that is:
  'Calculating Evaluation Metrics for Species Distribution Models'
* checking package namespace information ... OK
* checking package dependencies ... OK
* checking if this is a source package ... OK
* checking if there is a namespace ... OK
* checking for executable files ... OK
* checking for hidden files and directories ... OK
* checking for portable file names ... OK
* checking for sufficient/correct file permissions ... OK
* checking serialization versions ... OK
* checking whether package 'poEvaluationMetrics' can be installed ... OK
* checking installed package size ... OK
* checking package directory ... OK
* checking for future file timestamps ... OK
* checking 'build' directory ... OK
* checking DESCRIPTION meta-information ... OK
* checking top-level files ... NOTE
Non-standard file/directory found at top level:
  '_pkgdown.yml'
* checking for left-over files ... OK
* checking index information ... OK
* checking package subdirectories ... OK
* checking code files for non-ASCII characters ... OK
* checking R files for syntax errors ... OK
* checking whether the package can be loaded ... OK
* checking whether the package can be loaded with stated dependencies ... OK
* checking whether the package can be unloaded cleanly ... OK
* checking whether the namespace can be loaded with stated dependencies ... OK
* checking whether the namespace can be unloaded cleanly ... OK
* checking loading without being on the library search path ... OK
* checking use of S3 registration ... OK
* checking dependencies in R code ... OK
* checking S3 generic/method consistency ... OK
* checking replacement functions ... OK
* checking foreign function calls ... OK
* checking R code for possible problems ... NOTE
generateAAPoints: no visible global function definition for '%>%'
generateBackgroundPoints: no visible global function definition for
  '%>%'
sfbi: no visible global function definition for 'predict'
Undefined global functions or variables:
  %>% predict
Consider adding
  importFrom("stats", "predict")
to your NAMESPACE file.
* checking Rd files ... OK
* checking Rd metadata ... OK
* checking Rd line widths ... OK
* checking Rd cross-references ... OK
* checking for missing documentation entries ... OK
* checking for code/documentation mismatches ... OK
* checking Rd \usage sections ... OK
* checking Rd contents ... OK
* checking for unstated dependencies in examples ... OK
* checking installed files from 'inst/doc' ... OK
* checking files in 'vignettes' ... OK
* checking examples ... OK
* checking for unstated dependencies in 'tests' ... OK
* checking tests ... OK
  Running 'testthat.R'
* checking for unstated dependencies in vignettes ... OK
* checking package vignettes ... OK
* checking re-building of vignette outputs ... [15s/16s] OK
* checking for non-standard things in the check directory ... OK
* checking for detritus in the temp directory ... OK
* DONE
Status: 1 WARNING, 2 NOTEs
